// Jest Snapshot v1, https://jestjs.io/docs/snapshot-testing

exports[`BannerMessagesContext should apply a hook for retrieving messages data: banner messages 1`] = `
[
  {
    "id": "lorem",
    "title": "ipsum",
  },
]
`;

exports[`BannerMessagesContext should apply hooks for remove banner messages: removeBannerMessages 1`] = `
[
  [
    "dolorSit",
    "ipsum",
  ],
]
`;

exports[`BannerMessagesContext should apply hooks for set banner messages: setBannerMessages 1`] = `
[
  [
    "dolorSit",
    [
      undefined,
      "new message",
      {
        "message": "duplicate id",
        "title": "lorem",
      },
      {
        "id": "id only",
      },
      {
        "message": "message only",
      },
    ],
  ],
]
`;

exports[`BannerMessagesContext should return specific properties: specific properties 1`] = `
{
  "BannerMessagesContext": {
    "$$typeof": Symbol(react.context),
    "Consumer": {
      "$$typeof": Symbol(react.context),
      "_context": [Circular],
    },
    "Provider": {
      "$$typeof": Symbol(react.provider),
      "_context": [Circular],
    },
    "_currentRenderer": null,
    "_currentRenderer2": null,
    "_currentValue": {
      "bannerMessages": {},
      "removeBannerMessages": [Function],
      "setBannerMessages": [Function],
    },
    "_currentValue2": {
      "bannerMessages": {},
      "removeBannerMessages": [Function],
      "setBannerMessages": [Function],
    },
    "_defaultValue": null,
    "_globalName": null,
    "_threadCount": 0,
  },
  "BannerMessagesProvider": [Function],
  "useBannerMessages": [Function],
  "useRemoveBannerMessages": [Function],
  "useSetBannerMessages": [Function],
}
`;
