// Jest Snapshot v1, https://goo.gl/fbAQLP

exports[`ToolbarFieldExport Component should aggregate export status, polling status with a hook, basic status 1`] = `
{
  "isProductPending": false,
  "pendingProductFormats": [],
}
`;

exports[`ToolbarFieldExport Component should aggregate export status, polling status with a hook, polling completed 1`] = `
{
  "isProductPending": false,
  "pendingProductFormats": [],
}
`;

exports[`ToolbarFieldExport Component should aggregate export status, polling status with a hook, polling status 1`] = `
{
  "isProductPending": true,
  "pendingProductFormats": [
    "dolorSit",
  ],
}
`;

exports[`ToolbarFieldExport Component should allow and export, and expose polling status confirmation, app loaded, different product 1`] = `
{
  "dispatch": [
    {
      "type": "return",
      "value": {
        "id": "loremIpsum",
        "isPending": true,
        "isSelectUpdated": true,
        "pending": [
          {
            "format": undefined,
          },
        ],
        "type": "SET_PLATFORM_EXPORT_STATUS",
      },
    },
    {
      "type": "return",
      "value": [Function],
    },
    {
      "type": "return",
      "value": [
        {
          "id": "loremIpsum",
          "pending": [],
          "type": "SET_PLATFORM_EXPORT_STATUS",
        },
      ],
    },
  ],
  "notification": [
    [
      {
        "swatchId": "swatch-exports-individual-status",
        "title": "t(curiosity-toolbar.notifications_export_pending, {"context":"title","testId":"exportNotification-individual-pending"})",
        "variant": "info",
      },
    ],
  ],
}
`;

exports[`ToolbarFieldExport Component should allow and export, and expose polling status confirmation, app loaded, no data 1`] = `
{
  "dispatch": [
    {
      "type": "return",
      "value": {
        "id": "loremIpsum",
        "isPending": true,
        "isSelectUpdated": true,
        "pending": [
          {
            "format": undefined,
          },
        ],
        "type": "SET_PLATFORM_EXPORT_STATUS",
      },
    },
    {
      "type": "return",
      "value": [Function],
    },
    {
      "type": "return",
      "value": [
        {
          "id": "loremIpsum",
          "pending": [],
          "type": "SET_PLATFORM_EXPORT_STATUS",
        },
      ],
    },
  ],
  "notification": [
    [
      {
        "swatchId": "swatch-exports-individual-status",
        "title": "t(curiosity-toolbar.notifications_export_pending, {"context":"title","testId":"exportNotification-individual-pending"})",
        "variant": "info",
      },
    ],
  ],
}
`;

exports[`ToolbarFieldExport Component should allow and export, and expose polling status confirmation, app not loaded 1`] = `
{
  "dispatch": [],
  "notification": [],
}
`;

exports[`ToolbarFieldExport Component should allow and export, and expose polling status confirmation, completed notification 1`] = `
{
  "dispatch": [
    {
      "type": "return",
      "value": {
        "id": "loremIpsum",
        "isPending": true,
        "isSelectUpdated": true,
        "pending": [
          {
            "format": undefined,
          },
        ],
        "type": "SET_PLATFORM_EXPORT_STATUS",
      },
    },
    {
      "type": "return",
      "value": [Function],
    },
    {
      "type": "return",
      "value": [
        {
          "id": "loremIpsum",
          "pending": [],
          "type": "SET_PLATFORM_EXPORT_STATUS",
        },
      ],
    },
  ],
  "notification": [
    [
      {
        "swatchId": "swatch-exports-individual-status",
        "title": "t(curiosity-toolbar.notifications_export_pending, {"context":"title","testId":"exportNotification-individual-pending"})",
        "variant": "info",
      },
    ],
  ],
}
`;

exports[`ToolbarFieldExport Component should allow and export, and expose polling status confirmation, failed notification 1`] = `
{
  "dispatch": [
    {
      "type": "return",
      "value": {
        "id": "loremIpsum",
        "isPending": true,
        "isSelectUpdated": true,
        "pending": [
          {
            "format": undefined,
          },
        ],
        "type": "SET_PLATFORM_EXPORT_STATUS",
      },
    },
    {
      "type": "return",
      "value": [Function],
    },
    {
      "type": "return",
      "value": [
        {
          "id": "loremIpsum",
          "pending": [],
          "type": "SET_PLATFORM_EXPORT_STATUS",
        },
      ],
    },
  ],
  "notification": [
    [
      {
        "swatchId": "swatch-exports-individual-status",
        "title": "t(curiosity-toolbar.notifications_export_pending, {"context":"title","testId":"exportNotification-individual-pending"})",
        "variant": "info",
      },
    ],
  ],
}
`;

exports[`ToolbarFieldExport Component should allow and export, and expose polling status confirmation, multi-status no notification 1`] = `
{
  "dispatch": [
    {
      "type": "return",
      "value": {
        "id": "loremIpsum",
        "isPending": true,
        "isSelectUpdated": true,
        "pending": [
          {
            "format": undefined,
          },
        ],
        "type": "SET_PLATFORM_EXPORT_STATUS",
      },
    },
    {
      "type": "return",
      "value": [Function],
    },
    {
      "type": "return",
      "value": [
        {
          "id": "loremIpsum",
          "pending": [],
          "type": "SET_PLATFORM_EXPORT_STATUS",
        },
      ],
    },
  ],
  "notification": [
    [
      {
        "swatchId": "swatch-exports-individual-status",
        "title": "t(curiosity-toolbar.notifications_export_pending, {"context":"title","testId":"exportNotification-individual-pending"})",
        "variant": "info",
      },
    ],
  ],
}
`;

exports[`ToolbarFieldExport Component should allow and export, and expose polling status confirmation, pending notification 1`] = `
{
  "dispatch": [
    {
      "type": "return",
      "value": {
        "id": "loremIpsum",
        "isPending": true,
        "isSelectUpdated": true,
        "pending": [
          {
            "format": undefined,
          },
        ],
        "type": "SET_PLATFORM_EXPORT_STATUS",
      },
    },
    {
      "type": "return",
      "value": [Function],
    },
    {
      "type": "return",
      "value": [
        {
          "id": "loremIpsum",
          "pending": [],
          "type": "SET_PLATFORM_EXPORT_STATUS",
        },
      ],
    },
  ],
  "notification": [
    [
      {
        "swatchId": "swatch-exports-individual-status",
        "title": "t(curiosity-toolbar.notifications_export_pending, {"context":"title","testId":"exportNotification-individual-pending"})",
        "variant": "info",
      },
    ],
  ],
}
`;

exports[`ToolbarFieldExport Component should allow export service calls on existing exports: existingExports 1`] = `
[
  [
    {
      "autoDismiss": false,
      "description": <div
        aria-live="polite"
      >
        t(curiosity-toolbar.notifications_export_completed_description_existing, {"context":"completed","count":1,"completed":1,"pending":0})
        <div
          style={
            {
              "paddingTop": "0.5rem",
            }
          }
        >
          <Button
            autoFocus={true}
            data-test="exportButtonConfirm"
            onClick={[Function]}
            variant="primary"
          >
            t(curiosity-toolbar.button, {"context":"yes"})
          </Button>
           
          <Button
            data-test="exportButtonCancel"
            onClick={[Function]}
            variant="plain"
          >
            t(curiosity-toolbar.button, {"context":"no"})
          </Button>
        </div>
      </div>,
      "dismissable": false,
      "swatchId": "swatch-exports-status",
      "title": "t(curiosity-toolbar.notifications_export_completed_title, {"context":"existing","count":1,"testId":"exportNotification-existing-confirmation"})",
    },
  ],
]
`;

exports[`ToolbarFieldExport Component should allow service calls on user confirmation: confirmation 1`] = `
[
  [
    [
      "dolor",
      "sit",
    ],
  ],
  [
    [
      "lorem",
      "ipsum",
      "dolor",
      "sit",
    ],
  ],
]
`;
