// Jest Snapshot v1, https://goo.gl/fbAQLP

exports[`ToolbarFilter Component should display basic chips: portal 1`] = `
[
  <ToolbarItem
    variant="label-group"
  >
    <LabelGroup
      aria-label="Label group category"
      categoryName="loremIpsum"
      closeBtnAriaLabel="Close label group"
      collapsedText="\${remaining} more"
      defaultIsOpen={false}
      expandedText="Show Less"
      hasEditableTextArea={false}
      isClosable={false}
      isCompact={false}
      isEditable={false}
      isVertical={false}
      numLabels={3}
      onClick={[Function]}
      tooltipPosition="top"
    >
      <Label
        onClose={[Function]}
        variant="outline"
      >
        lorem
      </Label>
      <Label
        onClose={[Function]}
        variant="outline"
      >
        hello world
      </Label>
    </LabelGroup>
  </ToolbarItem>,
  "dolor sit test",
]
`;

exports[`ToolbarFilter Component should export specific context hooks: context hooks 1`] = `
{
  "useToolbarContentContext": [Function],
  "useToolbarContext": [Function],
}
`;

exports[`ToolbarFilter Component should render a basic component: basic 1`] = `
<toolbarfilter
  props="{
  "categoryName": "loremIpsum",
  "chips": [
    "lorem",
    {
      "key": "ipsum",
      "node": "hello world"
    }
  ],
  "children": [
    {}
  ]
}"
>
  <div
    class="pf-v6-c-toolbar__item"
  >
    lorem ipsum
  </div>
</toolbarfilter>
`;
